[joshuahenningportfolio.weebly.com/index.html]
[backblue.gif]
[fade.gif]
[index.html]
[joshuahenningportfolio.weebly.com/uploads/8/1/7/6/81768636/published/screenshot-2025-08-28-162454a959.png]
[joshuahenningportfolio.weebly.com/uploads/8/1/7/6/81768636/editor/allworld-logo872d.jpg]
[joshuahenningportfolio.weebly.com/uploads/8/1/7/6/81768636/playocean-banner_orig.png]
[joshuahenningportfolio.weebly.com/uploads/8/1/7/6/81768636/cityunseen_1_orig.png]
[joshuahenningportfolio.weebly.com/uploads/8/1/7/6/81768636/sethlogomarketingbanner_1_orig.png]
[joshuahenningportfolio.weebly.com/uploads/8/1/7/6/81768636/blacksun-cover_orig.png]
[joshuahenningportfolio.weebly.com/uploads/8/1/7/6/81768636/unzipped-lbanner_orig.png]
[joshuahenningportfolio.weebly.com/uploads/8/1/7/6/81768636/sinopabanner_1_orig.png]
[cdn2.editmysite.com/css/sites3975.css]
[cdn2.editmysite.com/css/old/fancyboxc7f7.css]
[cdn2.editmysite.com/css/social-icons5fa0.css]
[cdn2.editmysite.com/fonts/Montserrat/fontc81e.css]
[joshuahenningportfolio.weebly.com/files/main_style5b4e.css]
[cdn2.editmysite.com/fonts/Ubuntu/fontc81e.css]
[joshuahenningportfolio.weebly.com/files/templateArtifacts5b4e.js]
[cdn2.editmysite.com/js/jquery-1.8.3.min.js]
[www.google.com/recaptcha/api.js]
[cdn2.editmysite.com/js/lang/en/stl0b28.js]
[joshuahenningportfolio.weebly.com/hunting-battle.html]
[joshuahenningportfolio.weebly.com/nba-all-world.html]
[joshuahenningportfolio.weebly.com/playocean.html]
[joshuahenningportfolio.weebly.com/trials-of-set.html]
[cdn2.editmysite.com/js/site/main3975.js]
[joshuahenningportfolio.weebly.com/black-sun.html]
[joshuahenningportfolio.weebly.com/unzipped.html]
[joshuahenningportfolio.weebly.com/sinopa.html]
[cdn2.editmysite.com/images/site/footer/footer-toast-published-image-1.png]
[joshuahenningportfolio.weebly.com/aboutcontact.html]
[cdn2.editmysite.com/js/site/footerSignup3975.js]
[joshuahenningportfolio.weebly.com/files/theme/pluginseb06.js]
[joshuahenningportfolio.weebly.com/files/theme/customeb06.js]
[www.google-analytics.com/analytics.js]
[joshuahenningportfolio.weebly.com/index.html]
[cdn2.editmysite.com/images/util/videojs/white-bar.png]
[cdn2.editmysite.com/images/util/videojs/@2x/white-bar.png]
[cdn2.editmysite.com/images/util/videojs/gradient.png]
[cdn2.editmysite.com/images/util/videojs/@2x/gradient.png]
[cdn2.editmysite.com/js/wsnbn/snowday262.js]
[cdn2.editmysite.com/sprites/util/videojs-sacae758aa2.png]
[cdn2.editmysite.com/sprites/util/videojs/@2x-s2aff7e7d9a.png]
[cdn2.editmysite.com/images/util/videojs/volume-filled.png]
[cdn2.editmysite.com/images/util/videojs/@2x/volume-filled.png]
[cdn2.editmysite.com/images/util/videojs/volume-mute.png]
[cdn2.editmysite.com/images/util/videojs/@2x/volume-mute.png]
[cdn2.editmysite.com/images/util/videojs/blue-bar.png]
[cdn2.editmysite.com/images/util/videojs/@2x/blue-bar.png]
[cdn2.editmysite.com/images/util/videojs/maximize-icon.png]
[cdn2.editmysite.com/images/util/videojs/@2x/maximize-icon.png]
[cdn2.editmysite.com/images/util/videojs/minimize-icon.png]
[cdn2.editmysite.com/images/util/videojs/@2x/minimize-icon.png]
[cdn2.editmysite.com/images/util/videojs/play-icon.png]
[cdn2.editmysite.com/images/util/videojs/@2x/play-icon.png]
[cdn2.editmysite.com/images/util/videojs/sad-face.png]
[cdn2.editmysite.com/images/util/videojs/@2x/sad-face.png]
[cdn2.editmysite.com/images/util/videojs/loading-icon.png]
[cdn2.editmysite.com/images/util/videojs/@2x/loading-icon.png]
[cdn2.editmysite.com/images/common/buttons/small_grey.png]
[cdn2.editmysite.com/images/common/buttons/small_blue.png]
[cdn2.editmysite.com/images/old/button/large_grey.png]
[cdn2.editmysite.com/images/common/buttons/large_blue.png]
[cdn2.editmysite.com/images/common/search-light.png]
[cdn2.editmysite.com/images/common/social_icons.png]
[cdn2.editmysite.com/images/common/blog/blog-comment-button.png]
[cdn2.editmysite.com/images/common/blog/blog-comment-header.png]
[cdn2.editmysite.com/images/common/blog/blog-comment-pointer.png]
[cdn2.editmysite.com/images/common/blog/blog-comment-link.png]
[cdn2.editmysite.com/images/common/blog/blog-comment-header-author.png]
[cdn2.editmysite.com/js/site/main-customer-accounts-site3975.js]
[cdn2.editmysite.com/images/common/blog/blog-comment-pointer-author.png]
[cdn2.editmysite.com/images/common/blog/blog-comment-field-bg.png]
[cdn2.editmysite.com/images/common/blog/dark-blog-comment-header.png]
[cdn2.editmysite.com/images/common/blog/dark-blog-comment-pointer.png]
[cdn2.editmysite.com/images/common/blog/dark-blog-comment-header-author.png]
[cdn2.editmysite.com/images/common/blog/dark-blog-comment-pointer-author.png]
[cdn2.editmysite.com/images/common/blog/dark-blog-comment-link.png]
[cdn2.editmysite.com/images/util/general/blank.gif]
[cdn2.editmysite.com/images/common/lightbox/prevlabel.gif]
[cdn2.editmysite.com/images/common/lightbox/nextlabel.gif]
[cdn2.editmysite.com/sprites/util/inputs/checkmarkBox-s7868418152.png]
[cdn2.editmysite.com/sprites/util/inputs/checkmarkBox/@2x-s211a47d318.png]
[cdn2.editmysite.com/images/util/inputs/search-input-bg.jpg]
[cdn2.editmysite.com/images/common/magnifying-glass.png]
[cdn2.editmysite.com/images/common/checkmarks/checkmark-mini.png]
[cdn2.editmysite.com/images/common/checkmarks/@2x/checkmark-mini.png]
[cdn2.editmysite.com/images/common/search-pagination-bg.png]
[cdn2.editmysite.com/images/util/general/top-triangle-000.png]
[cdn2.editmysite.com/images/util/general/bottom-triangle-000.png]
[cdn2.editmysite.com/images/util/general/top-triangle-000@2x.png]
[cdn2.editmysite.com/images/util/general/bottom-triangle-000@2x.png]
[cdn2.editmysite.com/sprites/common/social-icons-s5ea5500bdb.png]
[cdn2.editmysite.com/sprites/common/social-icons/@2x-s0ae7d70c70.png]
[cdn2.editmysite.com/sprites/site/mini-cart-s86c48effae.png]
[cdn2.editmysite.com/sprites/site/mini-cart/@2x-s576cbc3f90.png]
[cdn2.editmysite.com/images/loading.gif]
[cdn2.editmysite.com/sprites/site/mobile/commerce-sdf6d4e852c.png]
[cdn2.editmysite.com/sprites/site/mobile/commerce/@2x-s82f968c453.png]
[cdn2.editmysite.com/images/site/checkout/paypal.png]
[cdn2.editmysite.com/images/site/checkout/@2x/paypal.png]
[cdn2.editmysite.com/images/site/checkout/credit-cards.png]
[cdn2.editmysite.com/images/site/checkout/@2x/credit-cards.png]
[cdn2.editmysite.com/images/site/checkout/print.png]
[cdn2.editmysite.com/images/site/checkout/print@2x.png]
[cdn2.editmysite.com/images/vendor/select2/select2.png]
[cdn2.editmysite.com/images/vendor/select2/select2-spinner.gif]
[cdn2.editmysite.com/images/vendor/select2/select2x2.png]
[cdn2.editmysite.com/images/util/spinner/spinner-dark.png]
[cdn2.editmysite.com/images/util/spinner/spinner-light.png]
[cdn2.editmysite.com/images/util/loading-white-w24.gif]
[cdn2.editmysite.com/images/common/form_input_bg.gif]
[cdn2.editmysite.com/sprites/site/forms-s3786257308.png]
[cdn2.editmysite.com/sprites/site/forms/@2x-s47607b315a.png]
[cdn2.editmysite.com/images/blank.gif]
[cdn2.editmysite.com/images/old/photoswipe/loader.gif]
[cdn2.editmysite.com/images/old/photoswipe/error.gif]
[cdn2.editmysite.com/images/old/photoswipe/icons.png]
[cdn2.editmysite.com/images/old/photoswipe/icons@2x.png]
[cdn2.editmysite.com/css/sites3975.css]
[cdn2.editmysite.com/images/old/fancybox/fancybox_sprite.png]
[cdn2.editmysite.com/images/old/fancybox/fancybox_loading.gif]
[cdn2.editmysite.com/images/old/fancybox/blank.gif]
[cdn2.editmysite.com/images/old/fancybox/fancybox_overlay.png]
[cdn2.editmysite.com/css/old/fancyboxc7f7.css]
[cdn2.editmysite.com/css/social-icons5fa0.css]
[joshuahenningportfolio.weebly.com/files/theme/images/default-bg5b4e.jpg]
[joshuahenningportfolio.weebly.com/files/theme/images/select-dropdown5b4e.png]
[joshuahenningportfolio.weebly.com/files/main_style5b4e.css]
[cdn2.editmysite.com/fonts/Montserrat/regular.woff2]
[cdn2.editmysite.com/fonts/Montserrat/regular.woff]
[cdn2.editmysite.com/fonts/Montserrat/regular.eot]
[cdn2.editmysite.com/fonts/Montserrat/regulard41d.eot]
[cdn2.editmysite.com/fonts/Montserrat/bold.woff2]
[cdn2.editmysite.com/fonts/Montserrat/bold.woff]
[cdn2.editmysite.com/fonts/Montserrat/regular.ttf]
[cdn2.editmysite.com/fonts/Montserrat/bold.eot]
[cdn2.editmysite.com/fonts/Montserrat/fontc81e.css]
[cdn2.editmysite.com/fonts/Ubuntu/light.woff2]
[cdn2.editmysite.com/fonts/Montserrat/bold.ttf]
[cdn2.editmysite.com/fonts/Montserrat/boldd41d.eot]
[cdn2.editmysite.com/fonts/Ubuntu/light.woff]
[cdn2.editmysite.com/fonts/Ubuntu/light.eot]
[cdn2.editmysite.com/fonts/Ubuntu/lightd41d.eot]
[cdn2.editmysite.com/fonts/Ubuntu/lightitalic.woff2]
[cdn2.editmysite.com/fonts/Ubuntu/lightitalic.eot]
[cdn2.editmysite.com/fonts/Ubuntu/lightitalic.woff]
[cdn2.editmysite.com/fonts/Ubuntu/light.ttf]
[cdn2.editmysite.com/fonts/Ubuntu/lightitalicd41d.eot]
[cdn2.editmysite.com/fonts/Ubuntu/regular.woff2]
[cdn2.editmysite.com/fonts/Ubuntu/regular.eot]
[cdn2.editmysite.com/fonts/Ubuntu/regular.woff]
[cdn2.editmysite.com/fonts/Ubuntu/lightitalic.ttf]
[cdn2.editmysite.com/fonts/Ubuntu/regulard41d.eot]
[cdn2.editmysite.com/fonts/Ubuntu/italic.woff2]
[cdn2.editmysite.com/fonts/Ubuntu/italic.eot]
[cdn2.editmysite.com/fonts/Ubuntu/italic.woff]
[cdn2.editmysite.com/fonts/Ubuntu/regular.ttf]
[cdn2.editmysite.com/fonts/Ubuntu/italicd41d.eot]
[cdn2.editmysite.com/fonts/Ubuntu/bold.woff2]
[cdn2.editmysite.com/fonts/Ubuntu/italic.ttf]
[cdn2.editmysite.com/fonts/Ubuntu/bold.woff]
[cdn2.editmysite.com/fonts/Ubuntu/bold.eot]
[cdn2.editmysite.com/fonts/Ubuntu/boldd41d.eot]
[cdn2.editmysite.com/fonts/Ubuntu/bolditalic.woff2]
[cdn2.editmysite.com/fonts/Ubuntu/bold.ttf]
[cdn2.editmysite.com/fonts/Ubuntu/bolditalic.woff]
[cdn2.editmysite.com/fonts/Ubuntu/bolditalic.eot]
[cdn2.editmysite.com/fonts/Ubuntu/fontc81e.css]
[joshuahenningportfolio.weebly.com/files/templateArtifacts5b4e.js]
[joshuahenningportfolio.weebly.com/uploads/8/1/7/6/81768636/6.png]
[cdn2.editmysite.com/fonts/Ubuntu/bolditalicd41d.eot]
[joshuahenningportfolio.weebly.com/uploads/8/1/7/6/81768636/5.png]
[cdn2.editmysite.com/fonts/Ubuntu/bolditalic.ttf]
[joshuahenningportfolio.weebly.com/uploads/8/1/7/6/81768636/4.png]
[joshuahenningportfolio.weebly.com/uploads/8/1/7/6/81768636/3.png]
[joshuahenningportfolio.weebly.com/uploads/8/1/7/6/81768636/2.png]
[joshuahenningportfolio.weebly.com/uploads/8/1/7/6/81768636/1.png]
[joshuahenningportfolio.weebly.com/uploads/8/1/7/6/81768636/unnamed_orig.png]
[joshuahenningportfolio.weebly.com/_/uploads/8/1/7/6/81768636/background-images/1519833176.jpg_]
[joshuahenningportfolio.weebly.com/uploads/8/1/7/6/81768636/6_orig.png]
[joshuahenningportfolio.weebly.com/uploads/8/1/7/6/81768636/5_orig.png]
[joshuahenningportfolio.weebly.com/uploads/8/1/7/6/81768636/4_orig.png]
[joshuahenningportfolio.weebly.com/uploads/8/1/7/6/81768636/3_orig.png]
[joshuahenningportfolio.weebly.com/uploads/8/1/7/6/81768636/2_orig.png]
[joshuahenningportfolio.weebly.com/uploads/8/1/7/6/81768636/1_orig.png]
[joshuahenningportfolio.weebly.com/hunting-battle.html]
[joshuahenningportfolio.weebly.com/uploads/8/1/7/6/81768636/8430edd6bed74c890b702e1932c92347-screen.png]
[joshuahenningportfolio.weebly.com/uploads/8/1/7/6/81768636/0d2efcc641e6c4762832723c3dd63867-screen.png]
[joshuahenningportfolio.weebly.com/uploads/8/1/7/6/81768636/d3a540733f415aa99b7c8cb2e3a69bf5-screen.png]
[joshuahenningportfolio.weebly.com/uploads/8/1/7/6/81768636/174856296be328458785a78803d09431-screen.png]
[joshuahenningportfolio.weebly.com/uploads/8/1/7/6/81768636/14867ef4fe257c4abe99fe192848e2a1-screen.png]
[joshuahenningportfolio.weebly.com/uploads/8/1/7/6/81768636/published/05-group-36814cb7.webp]
[joshuahenningportfolio.weebly.com/_/uploads/8/1/7/6/81768636/background-images/356026413.jpg_]
[joshuahenningportfolio.weebly.com/uploads/8/1/7/6/81768636/8430edd6bed74c890b702e1932c92347-screen_orig.png]
[joshuahenningportfolio.weebly.com/uploads/8/1/7/6/81768636/0d2efcc641e6c4762832723c3dd63867-screen_orig.png]
[joshuahenningportfolio.weebly.com/uploads/8/1/7/6/81768636/d3a540733f415aa99b7c8cb2e3a69bf5-screen_orig.png]
[joshuahenningportfolio.weebly.com/uploads/8/1/7/6/81768636/174856296be328458785a78803d09431-screen_orig.png]
[joshuahenningportfolio.weebly.com/uploads/8/1/7/6/81768636/14867ef4fe257c4abe99fe192848e2a1-screen_orig.png]
[joshuahenningportfolio.weebly.com/nba-all-world.html]
[joshuahenningportfolio.weebly.com/uploads/8/1/7/6/81768636/capture1lotto.png]
[joshuahenningportfolio.weebly.com/uploads/8/1/7/6/81768636/capture3.png]
[joshuahenningportfolio.weebly.com/uploads/8/1/7/6/81768636/capture4_1.png]
[joshuahenningportfolio.weebly.com/uploads/8/1/7/6/81768636/400x400bb_orig.jpg]
[joshuahenningportfolio.weebly.com/_/uploads/8/1/7/6/81768636/background-images/1601687060.jpg_]
[joshuahenningportfolio.weebly.com/uploads/8/1/7/6/81768636/capture1lotto_orig.png]
[joshuahenningportfolio.weebly.com/uploads/8/1/7/6/81768636/capture3_orig.png]
[joshuahenningportfolio.weebly.com/uploads/8/1/7/6/81768636/capture4_1_orig.png]
[joshuahenningportfolio.weebly.com/playocean.html]
[joshuahenningportfolio.weebly.com/uploads/8/1/7/6/81768636/trialsofset-0.png]
[joshuahenningportfolio.weebly.com/uploads/8/1/7/6/81768636/trialsofset-1.png]
[joshuahenningportfolio.weebly.com/uploads/8/1/7/6/81768636/trialsofset-2.png]
[joshuahenningportfolio.weebly.com/uploads/8/1/7/6/81768636/trialsofset-3.png]
[joshuahenningportfolio.weebly.com/uploads/8/1/7/6/81768636/trialsofset-4.png]
[joshuahenningportfolio.weebly.com/uploads/8/1/7/6/81768636/trialsofset-5.png]
[joshuahenningportfolio.weebly.com/uploads/8/1/7/6/81768636/capture.png]
[joshuahenningportfolio.weebly.com/uploads/8/1/7/6/81768636/capture1.png]
[joshuahenningportfolio.weebly.com/uploads/8/1/7/6/81768636/character-set-up.png]
[joshuahenningportfolio.weebly.com/uploads/8/1/7/6/81768636/charactercontroller.png]
[joshuahenningportfolio.weebly.com/_/uploads/8/1/7/6/81768636/background-images/873461775.jpg_]
[joshuahenningportfolio.weebly.com/uploads/8/1/7/6/81768636/trialsofset-0_orig.png]
[joshuahenningportfolio.weebly.com/uploads/8/1/7/6/81768636/trialsofset-1_orig.png]
[joshuahenningportfolio.weebly.com/uploads/8/1/7/6/81768636/trialsofset-2_orig.png]
[joshuahenningportfolio.weebly.com/uploads/8/1/7/6/81768636/trialsofset-3_orig.png]
[joshuahenningportfolio.weebly.com/uploads/8/1/7/6/81768636/trialsofset-4_orig.png]
[joshuahenningportfolio.weebly.com/uploads/8/1/7/6/81768636/trialsofset-5_orig.png]
[joshuahenningportfolio.weebly.com/uploads/8/1/7/6/81768636/capture_orig.png]
[joshuahenningportfolio.weebly.com/uploads/8/1/7/6/81768636/capture1_orig.png]
[joshuahenningportfolio.weebly.com/uploads/8/1/7/6/81768636/character-set-up_orig.png]
[joshuahenningportfolio.weebly.com/uploads/8/1/7/6/81768636/charactercontroller_orig.png]
[joshuahenningportfolio.weebly.com/uploads/8/1/7/6/81768636/combo_orig.png]
[joshuahenningportfolio.weebly.com/uploads/8/1/7/6/81768636/combo.png]
[joshuahenningportfolio.weebly.com/uploads/8/1/7/6/81768636/hud-widget_orig.png]
[joshuahenningportfolio.weebly.com/uploads/8/1/7/6/81768636/hud-widget.png]
[joshuahenningportfolio.weebly.com/uploads/8/1/7/6/81768636/set-hud_orig.png]
[joshuahenningportfolio.weebly.com/uploads/8/1/7/6/81768636/set-hud.png]
[joshuahenningportfolio.weebly.com/uploads/8/1/7/6/81768636/narritive-buble_orig.png]
[joshuahenningportfolio.weebly.com/uploads/8/1/7/6/81768636/narritive-buble.png]
[joshuahenningportfolio.weebly.com/uploads/8/1/7/6/81768636/narative-window_orig.png]
[joshuahenningportfolio.weebly.com/uploads/8/1/7/6/81768636/narative-window.png]
[joshuahenningportfolio.weebly.com/trials-of-set.html]
[joshuahenningportfolio.weebly.com/uploads/8/1/7/6/81768636/blacksun-ss3_1.png]
[joshuahenningportfolio.weebly.com/uploads/8/1/7/6/81768636/blacksun-ss2_1.png]
[joshuahenningportfolio.weebly.com/uploads/8/1/7/6/81768636/capture_11.png]
[joshuahenningportfolio.weebly.com/uploads/8/1/7/6/81768636/capture1_1.png]
[joshuahenningportfolio.weebly.com/uploads/8/1/7/6/81768636/capture2.png]
[joshuahenningportfolio.weebly.com/uploads/8/1/7/6/81768636/capture4.png]
[joshuahenningportfolio.weebly.com/uploads/8/1/7/6/81768636/start.png]
[joshuahenningportfolio.weebly.com/uploads/8/1/7/6/81768636/additem.png]
[joshuahenningportfolio.weebly.com/uploads/8/1/7/6/81768636/remove.png]
[joshuahenningportfolio.weebly.com/_/uploads/8/1/7/6/81768636/background-images/85402262.jpg_]
[joshuahenningportfolio.weebly.com/uploads/8/1/7/6/81768636/blacksun-ss3_1_orig.png]
[joshuahenningportfolio.weebly.com/uploads/8/1/7/6/81768636/blacksun-ss2_1_orig.png]
[joshuahenningportfolio.weebly.com/uploads/8/1/7/6/81768636/capture_11_orig.png]
[joshuahenningportfolio.weebly.com/uploads/8/1/7/6/81768636/capture1_1_orig.png]
[joshuahenningportfolio.weebly.com/uploads/8/1/7/6/81768636/capture2_orig.png]
[joshuahenningportfolio.weebly.com/uploads/8/1/7/6/81768636/capture4_orig.png]
[joshuahenningportfolio.weebly.com/uploads/8/1/7/6/81768636/start_orig.png]
[joshuahenningportfolio.weebly.com/uploads/8/1/7/6/81768636/additem_orig.png]
[joshuahenningportfolio.weebly.com/uploads/8/1/7/6/81768636/remove_orig.png]
[joshuahenningportfolio.weebly.com/black-sun.html]
[joshuahenningportfolio.weebly.com/uploads/8/1/7/6/81768636/unzipped-2016-04-28-21-58-19-57.png]
[joshuahenningportfolio.weebly.com/uploads/8/1/7/6/81768636/unzipped-2016-04-28-21-26-02-98.png]
[joshuahenningportfolio.weebly.com/uploads/8/1/7/6/81768636/unzipped-2016-04-28-21-39-07-17.png]
[joshuahenningportfolio.weebly.com/uploads/8/1/7/6/81768636/unzipped-2016-04-28-21-45-29-30.png]
[joshuahenningportfolio.weebly.com/uploads/8/1/7/6/81768636/unzipped-2016-04-28-21-47-34-57.png]
[joshuahenningportfolio.weebly.com/uploads/8/1/7/6/81768636/unzipped-2016-04-28-21-51-53-43.png]
[joshuahenningportfolio.weebly.com/uploads/8/1/7/6/81768636/respawn_1.png]
[joshuahenningportfolio.weebly.com/uploads/8/1/7/6/81768636/pompt_1.png]
[joshuahenningportfolio.weebly.com/uploads/8/1/7/6/81768636/patrol_1.png]
[joshuahenningportfolio.weebly.com/_/uploads/8/1/7/6/81768636/background-images/1406198912.jpg_]
[joshuahenningportfolio.weebly.com/uploads/8/1/7/6/81768636/unzipped-2016-04-28-21-58-19-57_orig.png]
[joshuahenningportfolio.weebly.com/uploads/8/1/7/6/81768636/unzipped-2016-04-28-21-26-02-98_orig.png]
[joshuahenningportfolio.weebly.com/uploads/8/1/7/6/81768636/unzipped-2016-04-28-21-39-07-17_orig.png]
[joshuahenningportfolio.weebly.com/uploads/8/1/7/6/81768636/unzipped-2016-04-28-21-45-29-30_orig.png]
[joshuahenningportfolio.weebly.com/uploads/8/1/7/6/81768636/unzipped-2016-04-28-21-47-34-57_orig.png]
[joshuahenningportfolio.weebly.com/uploads/8/1/7/6/81768636/unzipped-2016-04-28-21-51-53-43_orig.png]
[joshuahenningportfolio.weebly.com/uploads/8/1/7/6/81768636/respawn_1_orig.png]
[joshuahenningportfolio.weebly.com/uploads/8/1/7/6/81768636/pompt_1_orig.png]
[joshuahenningportfolio.weebly.com/uploads/8/1/7/6/81768636/patrol_1_orig.png]
[joshuahenningportfolio.weebly.com/unzipped.html]
[joshuahenningportfolio.weebly.com/uploads/8/1/7/6/81768636/cap6.png]
[joshuahenningportfolio.weebly.com/uploads/8/1/7/6/81768636/cap1.png]
[joshuahenningportfolio.weebly.com/uploads/8/1/7/6/81768636/cap2.png]
[joshuahenningportfolio.weebly.com/uploads/8/1/7/6/81768636/cap3.png]
[joshuahenningportfolio.weebly.com/uploads/8/1/7/6/81768636/cap5.png]
[joshuahenningportfolio.weebly.com/uploads/8/1/7/6/81768636/cap4.png]
[joshuahenningportfolio.weebly.com/_/uploads/8/1/7/6/81768636/background-images/1186032529.jpg_]
[joshuahenningportfolio.weebly.com/uploads/8/1/7/6/81768636/cap6_orig.png]
[joshuahenningportfolio.weebly.com/uploads/8/1/7/6/81768636/cap1_orig.png]
[joshuahenningportfolio.weebly.com/uploads/8/1/7/6/81768636/cap2_orig.png]
[joshuahenningportfolio.weebly.com/uploads/8/1/7/6/81768636/cap3_orig.png]
[joshuahenningportfolio.weebly.com/uploads/8/1/7/6/81768636/cap5_orig.png]
[joshuahenningportfolio.weebly.com/uploads/8/1/7/6/81768636/cap4_orig.png]
[joshuahenningportfolio.weebly.com/sinopa.html]
[joshuahenningportfolio.weebly.com/uploads/8/1/7/6/81768636/seattle_orig.jpg]
[joshuahenningportfolio.weebly.com/cdn-cgi/l/email-protection.html]
[joshuahenningportfolio.weebly.com/uploads/8/1/7/6/81768636/jhenningresume2019.pdf]
[joshuahenningportfolio.weebly.com/aboutcontact.html]
[joshuahenningportfolio.weebly.com/_/uploads/8/1/7/6/81768636/background-images/1519833176.html]
[joshuahenningportfolio.weebly.com/_/uploads/8/1/7/6/81768636/background-images/356026413.html]
[joshuahenningportfolio.weebly.com/_/uploads/8/1/7/6/81768636/background-images/1601687060.html]
[joshuahenningportfolio.weebly.com/_/uploads/8/1/7/6/81768636/background-images/873461775.html]
[joshuahenningportfolio.weebly.com/_/uploads/8/1/7/6/81768636/background-images/85402262.html]
[joshuahenningportfolio.weebly.com/_/uploads/8/1/7/6/81768636/background-images/1406198912.html]
[joshuahenningportfolio.weebly.com/_/uploads/8/1/7/6/81768636/background-images/1186032529.html]
[joshuahenningportfolio.weebly.com/cdn-cgi/l/email-protection.html]
[joshuahenningportfolio.weebly.com/cdn-cgi/scripts/5c5dd728/cloudflare-static/email-decode.min.js]
